hi
TYPING WARRRRR
ARE WE DOING THIS RIGHT
HOW ARE YOU
IS IT ME YOURE LOOKING FOR
CUZ I CAN SEE IT IN YOUR EYES
BWAHAHAAAHAHAH
